=== 2026-09-04T09:20:09.015554 실행 시작 ===
오늘의 경제 뉴스 헤드라인 수집 중...
헤드라인 46건 수집
핵심 이슈 분석 중...
오늘의 핵심 이슈: 미국 금리 경로 불확실성과 반도체 주도주의 재평가가 맞물린 한국 증시 변동성 확대
오늘의 시황 브리핑 작성 중...
관련 기업 선정 중...
선정된 기업: 삼성전자, SK하이닉스, 한화오션
1. 삼성전자(005930) 분석 중...
2. SK하이닉스(000660) 분석 중...
3. 한화오션(042660) 분석 중...
최종 제목/요약 생성 중...
문서 생성 중...
PDF 변환 중...
완료: /Users/jegalminchan/news-analyst-report/output/2026-09-04_0921_삼성전자_report.docx
PDF: /Users/jegalminchan/news-analyst-report/output/2026-09-04_0921_삼성전자_report.pdf
=== 2026-09-08T09:35:08.546922 실행 시작 ===
오늘의 경제 뉴스 헤드라인 수집 중...
헤드라인 46건 수집
핵심 이슈 분석 중...
오늘의 핵심 이슈: 반도체 공급부족·신규 AI 모멘텀에 따른 코스피 7000선 회복
오늘의 시황 브리핑 작성 중...
관련 기업 선정 중...
선정된 기업: 삼성전자, SK하이닉스, DB하이텍
1. 삼성전자(005930) 분석 중...
2. SK하이닉스(000660) 분석 중...
3. DB하이텍(000990) 분석 중...
최종 제목/요약 생성 중...
문서 생성 중...
PDF 변환 중...
완료: /Users/jegalminchan/news-analyst-report/output/2026-09-08_1300_삼성전자_report.docx
PDF: /Users/jegalminchan/news-analyst-report/output/2026-09-08_1300_삼성전자_report.pdf
=== 2026-09-09T09:24:37.110172 실행 시작 ===
오늘의 경제 뉴스 헤드라인 수집 중...
헤드라인 46건 수집
핵심 이슈 분석 중...
오늘의 핵심 이슈: AI 인프라 투자 확대에 따른 반도체·데이터센터 수혜 기대와 한국 증시의 반도체 주도력
오늘의 시황 브리핑 작성 중...
관련 기업 선정 중...
선정된 기업: 삼성전자, SK하이닉스, 삼성전기
1. 삼성전자(005930) 분석 중...
2. SK하이닉스(000660) 분석 중...
3. 삼성전기(009150) 분석 중...
최종 제목/요약 생성 중...
문서 생성 중...
PDF 변환 중...
완료: /Users/jegalminchan/news-analyst-report/output/2026-09-09_1909_삼성전자_report.docx
PDF: /Users/jegalminchan/news-analyst-report/output/2026-09-09_1909_삼성전자_report.pdf
=== 2026-09-10T09:20:08.427612 실행 시작 ===
오늘의 경제 뉴스 헤드라인 수집 중...
헤드라인 46건 수집
핵심 이슈 분석 중...
오늘의 핵심 이슈: SK하이닉스 ADR 사상 최고가 경신과 AI 반도체 기대 확산
오늘의 시황 브리핑 작성 중...
관련 기업 선정 중...
선정된 기업: SK하이닉스, 삼성전자, 한미반도체
1. SK하이닉스(000660) 분석 중...
2. 삼성전자(005930) 분석 중...
3. 한미반도체(042700) 분석 중...
최종 제목/요약 생성 중...
문서 생성 중...
PDF 변환 중...
완료: /Users/jegalminchan/news-analyst-report/output/2026-09-10_0922_SK하이닉스_report.docx
PDF: /Users/jegalminchan/news-analyst-report/output/2026-09-10_0922_SK하이닉스_report.pdf
=== 2026-09-11T09:21:54.148754 실행 시작 ===
오늘의 경제 뉴스 헤드라인 수집 중...
헤드라인 46건 수집
핵심 이슈 분석 중...
오늘의 핵심 이슈: 중동 리스크발 유가·금리 급등과 미국 증시 약세가 한국 증시, 특히 반도체 대형주를 압박
오늘의 시황 브리핑 작성 중...
관련 기업 선정 중...
선정된 기업: S-Oil, SK이노베이션, 한화에어로스페이스
1. S-Oil(010950) 분석 중...
2. SK이노베이션(096770) 분석 중...
3. 한화에어로스페이스(012450) 분석 중...
최종 제목/요약 생성 중...
문서 생성 중...
PDF 변환 중...
완료: /Users/jegalminchan/news-analyst-report/output/2026-09-11_1345_SOil_report.docx
PDF: /Users/jegalminchan/news-analyst-report/output/2026-09-11_1345_SOil_report.pdf
=== 2026-09-14T09:20:34.448558 실행 시작 ===
오늘의 경제 뉴스 헤드라인 수집 중...
헤드라인 46건 수집
핵심 이슈 분석 중...
자동 실행 중 오류 발생:
=== 2026-09-15T09:20:08.542507 실행 시작 ===
오늘의 경제 뉴스 헤드라인 수집 중...
헤드라인 46건 수집
핵심 이슈 분석 중...
오늘의 핵심 이슈: AI·반도체 기대와 미국 금리 급등이 맞서는 한국 증시의 방향성 불확실성
오늘의 시황 브리핑 작성 중...
관련 기업 선정 중...
선정된 기업: SK하이닉스, 한미반도체, LG
1. SK하이닉스(000660) 분석 중...
2. 한미반도체(042700) 분석 중...
3. LG(003550) 분석 중...
최종 제목/요약 생성 중...
문서 생성 중...
PDF 변환 중...
요약 카드 이미지 생성 중...
텔레그램 전송 중...
텔레그램 전송 실패 (건너뜀): [Errno 2] No such file or directory: '/Users/jegalminchan/news-analyst-report/output/2026-09-15_0922_SK하이닉스_report.pdf'
텔레그램 전송 건너뜀 (설정 없음 또는 실패)
완료: /Users/jegalminchan/news-analyst-report/output/2026-09-15_0922_SK하이닉스_report.docx
PDF: /Users/jegalminchan/news-analyst-report/output/2026-09-15_0922_SK하이닉스_report.pdf
=== 2026-09-17T09:23:13.000944 실행 시작 ===
오늘의 경제 뉴스 헤드라인 수집 중...
헤드라인 46건 수집
핵심 이슈 분석 중...
오늘의 핵심 이슈: 미 연준의 추가 긴축 신호와 고유가가 촉발한 금리·환율 변동성
오늘의 시황 브리핑 작성 중...
관련 기업 선정 중...
선정된 기업: 삼성전자, SK하이닉스, KB금융
1. 삼성전자(005930) 분석 중...
2. SK하이닉스(000660) 분석 중...
3. KB금융(105560) 분석 중...
최종 제목/요약 생성 중...
문서 생성 중...
PDF 변환 중...
요약 카드 이미지 생성 중...
텔레그램 전송 중...
텔레그램 전송 완료
완료: /Users/jegalminchan/news-analyst-report/output/2026-09-17_1207_삼성전자_report.docx
PDF: /Users/jegalminchan/news-analyst-report/output/2026-09-17_1207_삼성전자_report.pdf
=== 2026-09-18T09:20:08.074875 실행 시작 ===
오늘의 경제 뉴스 헤드라인 수집 중...
헤드라인 46건 수집
핵심 이슈 분석 중...
오늘의 핵심 이슈: AI·반도체 투자 확대와 미국 반도체주 반등이 한국 증시를 견인할 가능성
오늘의 시황 브리핑 작성 중...
관련 기업 선정 중...
선정된 기업: 삼성전자, SK하이닉스, 두산
1. 삼성전자(005930) 분석 중...
2. SK하이닉스(000660) 분석 중...
3. 두산(000150) 분석 중...
최종 제목/요약 생성 중...
문서 생성 중...
PDF 변환 중...
요약 카드 이미지 생성 중...
텔레그램 전송 중...
텔레그램 전송 완료
서버 업로드 중...
REPORT_API_TOKEN 미설정 - 서버 업로드 건너뜀
서버 업로드 건너뜀 (설정 없음 또는 실패)
완료: /Users/jegalminchan/news-analyst-report/output/2026-09-18_0922_삼성전자_report.docx
PDF: /Users/jegalminchan/news-analyst-report/output/2026-09-18_0922_삼성전자_report.pdf
